0 00 0 00 00 00 00 0000 0000 0000 feff 0000 0000 0000
1 40 1 00 00 00 00 0001 0000 0000 feff 0000 0000 0000
2 40 2 00 00 60 00 0002 0000 0000 feff 0000 0000 0000
3 40 3 00 00 60 01 0003 0000 0000 feff 0000 0000 0000
4 40 4 00 00 60 01 0060 0000 0000 feff 0000 0000 0000
5 40 0 00 00 60 01 0160 0000 0000 feff 0000 0000 0000
6 33 1 00 00 60 01 0161 0000 0000 feff 0000 0000 0000
7 33 2 00 00 ff 01 0162 0000 0000 feff 0000 0000 0000
8 33 0 00 00 ff 01 0162 0000 0000 feff 0000 0000 0000
9 00 1 00 00 ff 01 0163 0000 0000 feff 0000 0000 0000
10 00 0 00 00 ff 01 0163 0000 0000 feff 0000 0000 0000
11 fe 1 00 00 ff 01 0164 0000 0000 feff 0000 0000 0000
12 fe 0 00 00 ff 01 0164 0000 0000 feff 0000 0000 0000
13 10 1 00 00 ff 01 0165 0000 0000 feff 0000 0000 0000
14 10 0 03 00 ff 01 0166 0000 0000 feff 0000 0000 0000
15 14 1 03 00 ff 01 0167 0000 0000 feff 0000 0000 0000
16 14 2 03 00 04 01 0168 0000 0000 feff 0000 0000 0000
17 14 3 03 00 04 ff 0169 0000 0000 feff 0000 0000 0000
18 14 4 03 00 04 ff 0169 0000 0000 feff 0004 0000 0000
19 14 5 03 00 04 ff 0169 0000 0000 feff ff04 0000 0000
20 14 0 03 00 04 ff 0169 0000 0000 feff ff04 0000 0000
21 00 1 03 00 04 ff 016a 0000 0000 feff ff04 0000 0000
22 00 0 03 00 04 ff 016a 0000 0000 feff ff04 0000 0000
23 15 1 03 00 04 ff 016b 0000 0000 feff ff04 0000 0000
24 15 0 14 00 04 ff 016b 0001 0000 feff ff04 0000 0000
25 60 1 14 00 04 ff 016c 0001 0000 feff ff04 0000 0000
26 60 0 14 00 04 ff 016c 0001 0014 feff ff04 0000 0000
27 00 1 14 00 04 ff 016d 0001 0014 feff ff04 0000 0000
28 00 0 14 00 04 ff 016d 0001 0014 feff ff04 0000 0000
29 ff 1 14 00 04 ff 016e 0001 0014 feff ff04 0000 0000
30 ff 0 14 00 04 ff 016e 0001 0014 feff ff04 0000 0000
31 10 1 14 00 04 ff 016f 0001 0014 feff ff04 0000 0000
32 10 0 21 00 04 ff 0170 0001 0014 feff ff04 0000 0000
33 14 1 21 00 04 ff 0171 0001 0014 feff ff04 0000 0000
34 14 2 21 00 73 ff 0172 0001 0014 feff ff04 0000 0000
35 14 3 21 00 73 60 0173 0001 0014 feff ff04 0000 0000
36 14 4 21 00 73 60 0173 0001 0014 feff ff73 0000 0000
37 14 5 21 00 73 60 0173 0001 0014 feff 6073 0000 0000
38 14 0 21 00 73 60 0173 0001 0014 feff 6073 0000 0000
39 21 1 21 00 73 60 0174 0001 0014 feff 6073 0000 0000
40 21 0 21 00 73 60 0174 0001 0014 feff 6073 0000 1000
41 00 1 21 00 73 60 0175 0001 0014 feff 6073 0000 1000
42 00 0 21 00 73 60 0175 0001 0014 feff 6073 0000 1000
43 14 1 21 00 73 60 0176 0001 0014 feff 6073 0000 1000
44 14 2 21 00 80 60 0177 0001 0014 feff 6073 0000 1000
45 14 3 21 00 80 60 0178 0001 0014 feff 6073 0000 1000
46 14 4 21 00 80 60 0178 0001 0014 feff 6080 0000 1000
47 14 5 21 00 80 60 0178 0001 0014 feff 6080 0000 1000
48 14 0 21 00 80 60 0178 0001 0014 feff 6080 0000 1000
49 21 1 21 00 80 60 0179 0001 0014 feff 6080 0000 1000
50 21 0 21 00 80 60 0179 0001 0014 feff 6080 0000 1000
51 04 1 21 00 80 60 017a 0001 0014 feff 6080 0000 1000
52 04 2 21 00 80 60 017a 0001 0014 ff00 6080 0000 1000
53 04 3 21 00 ff 60 017a 0001 0014 ff00 6080 0000 1000
54 04 4 21 00 ff 60 017a 0001 0014 ff00 6080 0000 1111
55 04 5 21 00 ff 60 017a 0001 0014 ff01 6080 0000 1111
56 04 6 21 00 ff 60 017a 0001 0014 ff01 6080 0000 1111
57 04 7 21 00 ff 60 017a 0001 0014 ff02 6080 0000 1111
58 04 8 21 00 ff ff 017a 0001 0014 ff02 6080 0000 1111
59 04 9 21 00 ff ff 01ff 0001 0014 ff02 6080 0000 1111
60 04 0 21 00 ff ff ffff 0001 0014 ff02 6080 0000 1111
61 ff 1 21 00 ff ff 0000 0001 0014 ff02 6080 0000 1111
62 ff 0 21 00 ff ff 0000 0001 0014 ff02 6080 0000 1111
63 40 1 21 00 ff ff 0001 0001 0014 ff02 6080 0000 1111
64 40 2 21 00 60 ff 0002 0001 0014 ff02 6080 0000 1111
65 40 3 21 00 60 01 0003 0001 0014 ff02 6080 0000 1111
66 40 4 21 00 60 01 0060 0001 0014 ff02 6080 0000 1111
67 40 0 21 00 60 01 0160 0001 0014 ff02 6080 0000 1111
68 33 1 21 00 60 01 0161 0001 0014 ff02 6080 0000 1111
69 33 2 21 00 ff 01 0162 0001 0014 ff02 6080 0000 1111
70 33 0 21 00 ff 01 0162 0001 0014 ffff 6080 0000 1111
71 00 1 21 00 ff 01 0163 0001 0014 ffff 6080 0000 1111
72 00 0 21 00 ff 01 0163 0001 0014 ffff 6080 0000 1111
73 fe 1 21 00 ff 01 0164 0001 0014 ffff 6080 0000 1111
74 fe 0 21 00 ff 01 0164 0001 0014 ffff 6080 0000 1111
75 10 1 21 00 ff 01 0165 0001 0014 ffff 6080 0000 1111
76 10 0 03 00 ff 01 0166 0001 0014 ffff 6080 0000 1001
77 14 1 03 00 ff 01 0167 0001 0014 ffff 6080 0000 1001
78 14 2 03 00 04 01 0168 0001 0014 ffff 6080 0000 1001
79 14 3 03 00 04 ff 0169 0001 0014 ffff 6080 0000 1001
80 14 4 03 00 04 ff 0169 0001 0014 ffff 6004 0000 1001
81 14 5 03 00 04 ff 0169 0001 0014 ffff ff04 0000 1001
82 14 0 03 00 04 ff 0169 0001 0014 ffff ff04 0000 1001
83 00 1 03 00 04 ff 016a 0001 0014 ffff ff04 0000 1001
84 00 0 03 00 04 ff 016a 0001 0014 ffff ff04 0000 1001
85 15 1 03 00 04 ff 016b 0001 0014 ffff ff04 0000 1001
86 15 0 14 00 04 ff 016b 0002 0014 ffff ff04 0000 1001
87 01 1 14 00 04 ff 016c 0002 0014 ffff ff04 0000 1001
